// Jest Snapshot v1, https://goo.gl/fbAQLP

exports[`when the addStandardLine component is mounted should render with default props 1`] = `
<div>
  <div
    class="govuk-grid-row"
  >
    <div
      class="govuk-grid-column-two-thirds-from-desktop"
    >
      <a
        class="govuk-back-link"
        href="/"
      >
        Back
      </a>
      <h1
        class="govuk-heading-xl"
      >
        Add a Standard Line
      </h1>
    </div>
  </div>
  <div
    class="govuk-grid-row"
  >
    <div
      class="govuk-grid-column-one-half-from-desktop"
    >
      <form
        action="/api/standardLines"
        method="POST"
      >
        <input
          name="_csrf"
          type="hidden"
          value=""
        />
        <div
          class="govuk-form-group"
        >
          <label
            class="govuk-label govuk-label--s"
            for="topics-input"
            id="topics-label"
          >
            Topics
          </label>
          <div
            class=" css-2b097c-container"
            id="topics"
          >
            <div
              class="govuk-typeahead__control css-ia584n-Control"
            >
              <div
                class="govuk-typeahead__value-container css-0"
              >
                <div
                  class="govuk-typeahead__placeholder css-d8h0m4-Placeholder"
                >
                  Search
                </div>
                <div
                  class="css-w8afj7-Input"
                >
                  <div
                    class="govuk-typeahead__input"
                    style="display: inline-block;"
                  >
                    <input
                      aria-autocomplete="list"
                      autocapitalize="none"
                      autocomplete="off"
                      autocorrect="off"
                      id="topics-input"
                      spellcheck="false"
                      style="box-sizing: content-box; width: 2px; border: 0px; font-size: inherit; opacity: 1; outline: 0; padding: 0px;"
                      tabindex="0"
                      type="text"
                      value=""
                    />
                    <div
                      style="position: absolute; top: 0px; left: 0px; visibility: hidden; height: 0px; overflow: scroll; white-space: pre; font-size: inherit; font-family: -webkit-small-control; letter-spacing: normal; text-transform: none;"
                    />
                  </div>
                </div>
              </div>
              <div
                class="govuk-typeahead__indicators css-1g48xl4-IndicatorsContainer"
              >
                <span
                  class="govuk-typeahead__indicator-separator css-42s6pq-IndicatorSeparator"
                />
                <div
                  aria-hidden="true"
                  class="govuk-typeahead__indicator govuk-typeahead__dropdown-indicator css-1p11lgw-DropdownIndicator"
                >
                  <svg
                    aria-hidden="true"
                    class="css-tj5bde-Svg"
                    focusable="false"
                    height="20"
                    viewBox="0 0 20 20"
                    width="20"
                  >
                    <path
                      d="M4.516 7.548c0.436-0.446 1.043-0.481 1.576 0l3.908 3.747 3.908-3.747c0.533-0.481 1.141-0.446 1.574 0 0.436 0.445 0.408 1.197 0 1.615-0.406 0.418-4.695 4.502-4.695 4.502-0.217 0.223-0.502 0.335-0.787 0.335s-0.57-0.112-0.789-0.335c0 0-4.287-4.084-4.695-4.502s-0.436-1.17 0-1.615z"
                    />
                  </svg>
                </div>
              </div>
            </div>
          </div>
        </div>
        <div
          class="govuk-form-group"
        >
          <label
            class="govuk-label"
            for="files"
            id="files-label"
          >
            <label
              class="govuk-label govuk-label--s"
              for="files"
              id="files-label"
            >
              Add document
            </label>
          </label>
          <input
            class="govuk-file-upload"
            id="files"
            name="files"
            type="file"
          />
        </div>
        <div
          class="govuk-form-group"
        >
          <fieldset
            class="govuk-fieldset"
            id="expiryDate"
            role="group"
          >
            <legend
              class="govuk-fieldset__legend govuk-label--s"
            >
              Expiry Date
            </legend>
            <div
              class="govuk-date-input"
            >
              <div
                class="govuk-date-input__item"
              >
                <div
                  class="govuk-form-group"
                >
                  <label
                    class="govuk-label govuk-date-input__label"
                    for="expiryDate-day"
                  >
                    Day
                  </label>
                  <input
                    class="govuk-input govuk-date-input__input govuk-input--width-2 "
                    id="expiryDate-day"
                    max="31"
                    min="1"
                    name="expiryDate-day"
                    pattern="[0-9]*"
                    type="number"
                    value=""
                  />
                </div>
              </div>
              <div
                class="govuk-date-input__item"
              >
                <div
                  class="govuk-form-group"
                >
                  <label
                    class="govuk-label govuk-date-input__label"
                    for="expiryDate-month"
                  >
                    Month
                  </label>
                  <input
                    class="govuk-input govuk-date-input__input govuk-input--width-2 "
                    id="expiryDate-month"
                    max="12"
                    min="1"
                    name="expiryDate-month"
                    pattern="[0-9]*"
                    type="number"
                    value=""
                  />
                </div>
              </div>
              <div
                class="govuk-date-input__item"
              >
                <div
                  class="govuk-form-group"
                >
                  <label
                    class="govuk-label govuk-date-input__label"
                    for="expiryDate-year"
                  >
                    Year
                  </label>
                  <input
                    class="govuk-input govuk-date-input__input govuk-input--width-4  "
                    id="expiryDate-year"
                    max="2119"
                    min="1900"
                    name="expiryDate-year"
                    pattern="[0-9]*"
                    type="number"
                    value=""
                  />
                </div>
              </div>
            </div>
          </fieldset>
        </div>
        <input
          class="govuk-button"
          type="submit"
          value="Submit"
        />
      </form>
    </div>
  </div>
</div>
`;
