// Jest Snapshot v1, https://goo.gl/fbAQLP

exports[`addToTeam component should render with default props 1`] = `""`;
