// Jest Snapshot v1, https://goo.gl/fbAQLP

exports[`when the addChildTopic component is mounted should render with default props 1`] = `
<div>
  <div
    class="govuk-form-group"
  >
    <div
      class="govuk-grid-column-two-thirds-from-desktop"
    >
      <a
        class="govuk-back-link"
        href="/"
      >
        Back
      </a>
      <h1
        class="govuk-heading-xl"
      >
        Add parent topic
      </h1>
    </div>
  </div>
  <div
    class="govuk-grid-row"
  >
    <div
      class="govuk-grid-column-one-half-from-desktop"
    >
      <form
        method="POST"
      >
        <div
          class="govuk-form-group"
        >
          <label
            class="govuk-label govuk-label--s"
            for="topicName"
            id="topicName-label"
          >
            Topic Name
          </label>
          <input
            class="govuk-input"
            id="topicName"
            name="topicName"
            type="text"
            value=""
          />
        </div>
        <input
          class="govuk-button"
          type="submit"
          value="Submit"
        />
      </form>
    </div>
  </div>
</div>
`;

exports[`when the addParentTopic component is mounted should render with default props 1`] = `
<div>
  <div
    class="govuk-form-group"
  >
    <div
      class="govuk-grid-column-two-thirds-from-desktop"
    >
      <a
        class="govuk-back-link"
        href="/"
      >
        Back
      </a>
      <h1
        class="govuk-heading-xl"
      >
        Add parent topic
      </h1>
    </div>
  </div>
  <div
    class="govuk-grid-row"
  >
    <div
      class="govuk-grid-column-one-half-from-desktop"
    >
      <form
        method="POST"
      >
        <div
          class="govuk-form-group"
        >
          <label
            class="govuk-label govuk-label--s"
            for="topicName"
            id="topicName-label"
          >
            Topic Name
          </label>
          <input
            class="govuk-input"
            id="topicName"
            name="topicName"
            type="text"
            value=""
          />
        </div>
        <input
          class="govuk-button"
          type="submit"
          value="Submit"
        />
      </form>
    </div>
  </div>
</div>
`;
