// Jest Snapshot v1, https://goo.gl/fbAQLP

exports[`when the AddBusinessRep component is mounted should render with default props 1`] = `
<div>
  <div
    class="govuk-grid-row"
  >
    <div
      class="govuk-grid-column-two-thirds-from-desktop"
    >
      <a
        class="govuk-back-link"
        href="/manage-exgratia-reps"
      >
        Back
      </a>
      <h1
        class="govuk-heading-xl"
      >
        Add Business Representative
      </h1>
    </div>
  </div>
  <div
    class="govuk-grid-row"
  >
    <div
      class="govuk-grid-column-one-half-from-desktop"
    >
      <form
        action="/api/entity/list/EXGRATIA_BUS_REPS"
        method="POST"
      >
        <input
          name="_csrf"
          type="hidden"
          value=""
        />
        <div
          class="govuk-form-group"
        >
          <label
            class="govuk-label govuk-label--s"
            for="title"
            id="title-label"
          >
            Representative name
          </label>
          <input
            class="govuk-input"
            id="title"
            name="title"
            type="text"
            value=""
          />
        </div>
        <input
          class="govuk-button"
          type="submit"
          value="Submit"
        />
      </form>
    </div>
  </div>
</div>
`;
