// Jest Snapshot v1, https://goo.gl/fbAQLP

exports[`when the editTeam component is mounted should render with default props 1`] = `
<div>
  <div
    class="govuk-grid-row"
  >
    <div
      class="govuk-grid-column-two-thirds-from-desktop"
    >
      <a
        class="govuk-back-link"
        href="/team-view/__teamId__"
      >
        Back
      </a>
      <h1
        class="govuk-heading-xl"
      >
        Edit 
        
      </h1>
    </div>
  </div>
  <div
    class="govuk-grid-row"
  >
    <div
      class="govuk-grid-column-two-thirds-from-desktop"
    >
      <form
        method="POST"
      >
        <input
          name="_csrf"
          type="hidden"
          value=""
        />
        <div
          class="govuk-form-group"
        >
          <label
            class="govuk-label govuk-label--s"
            for="newTeamName"
            id="newTeamName-label"
          >
            New team name
          </label>
          <input
            class="govuk-input"
            id="newTeamName"
            name="newTeamName"
            type="text"
            value=""
          />
        </div>
        <div
          class="govuk-form-group"
        >
          <button
            class="govuk-button"
            type="submit"
          >
            Update
          </button>
        </div>
      </form>
    </div>
  </div>
</div>
`;
