// Jest Snapshot v1, https://goo.gl/fbAQLP

exports[`when the AddTeam component is mounted should render with default props 1`] = `
<div>
  <div
    class="govuk-grid-row"
  >
    <div
      class="govuk-grid-column-two-thirds-from-desktop"
    >
      <a
        class="govuk-back-link"
        href="/"
      >
        Back
      </a>
      <h1
        class="govuk-heading-xl"
      >
        Create a DCU drafting team
      </h1>
    </div>
  </div>
  <div
    class="govuk-grid-row"
  >
    <div
      class="govuk-grid-column-two-thirds-from-desktop"
    >
      <form
        method="POST"
      >
        <input
          name="_csrf"
          type="hidden"
          value=""
        />
        <div
          class="govuk-form-group"
        >
          <label
            class="govuk-label govuk-label--s"
            for="teamName"
            id="teamName-label"
          >
            Team name
          </label>
          <input
            class="govuk-input"
            id="teamName"
            name="teamName"
            type="text"
            value=""
          />
        </div>
        <div
          class="govuk-form-group"
        >
          <label
            class="govuk-label govuk-label--s"
            for="unit-input"
            id="unit-label"
          >
            Unit
          </label>
          <div
            class=" css-b62m3t-container"
            id="unit"
          >
            <span
              class="css-1f43avz-a11yText-A11yText"
              id="react-select-2-live-region"
            />
            <span
              aria-atomic="false"
              aria-live="polite"
              aria-relevant="additions text"
              class="css-1f43avz-a11yText-A11yText"
              role="log"
            />
            <div
              class="govuk-typeahead__control css-1g8ily9-Control"
            >
              <div
                class="govuk-typeahead__value-container css-pilx6v-ValueContainer"
              >
                <div
                  class="govuk-typeahead__placeholder css-ovmm9z-Placeholder"
                  id="react-select-2-placeholder"
                >
                  Search
                </div>
                <div
                  class="govuk-typeahead__input-container css-qbdosj-Input"
                  data-value=""
                >
                  <input
                    aria-activedescendant=""
                    aria-autocomplete="list"
                    aria-describedby="react-select-2-placeholder"
                    aria-expanded="false"
                    aria-haspopup="true"
                    autocapitalize="none"
                    autocomplete="off"
                    autocorrect="off"
                    class="govuk-typeahead__input"
                    id="unit-input"
                    role="combobox"
                    spellcheck="false"
                    style="opacity: 1; width: 100%; grid-area: 1 / 2; min-width: 2px; border: 0px; margin: 0px; outline: 0; padding: 0px;"
                    tabindex="0"
                    type="text"
                    value=""
                  />
                </div>
              </div>
              <div
                class="govuk-typeahead__indicators css-1hb7zxy-IndicatorsContainer"
              >
                <div
                  aria-hidden="true"
                  class="govuk-typeahead__indicator govuk-typeahead__loading-indicator css-pogzpp-loadingIndicator"
                >
                  <span
                    class="css-1xtdfmb-LoadingDot"
                  />
                  <span
                    class="css-zoievk-LoadingDot"
                  />
                  <span
                    class="css-x748d8-LoadingDot"
                  />
                </div>
                <span
                  class="govuk-typeahead__indicator-separator css-62wm9a-IndicatorSeparator"
                />
                <div
                  aria-hidden="true"
                  class="govuk-typeahead__indicator govuk-typeahead__dropdown-indicator css-hbt8bd-DropdownIndicator"
                >
                  <svg
                    aria-hidden="true"
                    class="css-tj5bde-Svg"
                    focusable="false"
                    height="20"
                    viewBox="0 0 20 20"
                    width="20"
                  >
                    <path
                      d="M4.516 7.548c0.436-0.446 1.043-0.481 1.576 0l3.908 3.747 3.908-3.747c0.533-0.481 1.141-0.446 1.574 0 0.436 0.445 0.408 1.197 0 1.615-0.406 0.418-4.695 4.502-4.695 4.502-0.217 0.223-0.502 0.335-0.787 0.335s-0.57-0.112-0.789-0.335c0 0-4.287-4.084-4.695-4.502s-0.436-1.17 0-1.615z"
                    />
                  </svg>
                </div>
              </div>
            </div>
          </div>
        </div>
        <div
          class="govuk-form-group"
        >
          <button
            class="govuk-button view-team-button"
            type="submit"
          >
            Add
          </button>
        </div>
      </form>
    </div>
  </div>
</div>
`;
