// Jest Snapshot v1, https://goo.gl/fbAQLP

exports[`when the addUser component is mounted should render with default props 1`] = `
<div>
  <div
    class="govuk-grid-row"
  >
    <div
      class="govuk-grid-column-two-thirds-from-desktop"
    >
      <a
        class="govuk-back-link"
        href="/"
      >
        Back
      </a>
      <h1
        class="govuk-heading-xl"
      >
        Add a User
      </h1>
    </div>
  </div>
  <div
    class="govuk-grid-row"
  >
    <div
      class="govuk-grid-column-one-half-from-desktop"
    >
      <form
        action="/api/user"
        method="POST"
      >
        <input
          name="_csrf"
          type="hidden"
          value=""
        />
        <div
          class="govuk-form-group"
        >
          <label
            class="govuk-label govuk-label--s"
            for="email"
            id="email-label"
          >
            Email Address
          </label>
          <input
            class="govuk-input"
            id="email"
            name="email"
            type="text"
            value=""
          />
        </div>
        <div
          class="govuk-form-group"
        >
          <label
            class="govuk-label govuk-label--s"
            for="firstName"
            id="firstName-label"
          >
            First Name
          </label>
          <input
            class="govuk-input"
            id="firstName"
            name="firstName"
            type="text"
            value=""
          />
        </div>
        <div
          class="govuk-form-group"
        >
          <label
            class="govuk-label govuk-label--s"
            for="lastName"
            id="lastName-label"
          >
            Last Name
          </label>
          <input
            class="govuk-input"
            id="lastName"
            name="lastName"
            type="text"
            value=""
          />
        </div>
        <input
          class="govuk-button"
          type="submit"
          value="Submit"
        />
      </form>
    </div>
  </div>
</div>
`;
