// Jest Snapshot v1, https://goo.gl/fbAQLP

exports[`when the addNominatedContact component is mounted should render with default props 1`] = `
<div>
  <div
    class="govuk-grid-row"
  >
    <div
      class="govuk-grid-column-two-thirds-from-desktop"
    >
      <a
        class="govuk-back-link"
        href="/"
      >
        Back
      </a>
      <h1
        class="govuk-heading-xl"
      >
        Add nominated contact
      </h1>
      <h2
        class="govuk-heading-l"
      >
        Team: 
      </h2>
    </div>
  </div>
  <div
    class="govuk-grid-row"
  >
    <div
      class="govuk-grid-column-one-half-from-desktop"
    >
      <form
        action="/api/nominated-contact"
        method="POST"
      >
        <input
          name="_csrf"
          type="hidden"
          value=""
        />
        <div
          class="govuk-form-group"
        >
          <label
            class="govuk-label govuk-label--s"
            for="emailAddress"
            id="emailAddress-label"
          >
            Email Address
          </label>
          <input
            class="govuk-input"
            id="emailAddress"
            name="emailAddress"
            type="text"
            value=""
          />
        </div>
        <input
          class="govuk-button"
          type="submit"
          value="Submit"
        />
      </form>
    </div>
  </div>
</div>
`;
