// Jest Snapshot v1, https://goo.gl/fbAQLP

exports[`when the addTeamsToTopicView component is mounted should render with default props 1`] = `
<div>
  <div
    class="govuk-grid-row"
  >
    <div
      class="govuk-grid-column-two-thirds-from-desktop"
    >
      <a
        class="govuk-back-link"
        href="/topic/\${state.topicName}"
      >
        Back
      </a>
      <h1
        class="govuk-heading-xl"
      >
        Summary
      </h1>
      <h2
        class="govuk-heading-l"
      >
        Topic: __label__
      </h2>
    </div>
  </div>
  <div
    class="govuk-form-group"
  >
    <div
      class="govuk-grid-row"
    >
      <div
        class="govuk-grid-column-one-half-from-desktop"
      >
        <form
          method="POST"
        >
          <input
            name="_csrf"
            type="hidden"
            value=""
          />
          <table
            class="govuk-table"
          >
            <thead
              class="govuk-table__head"
            >
              <tr
                class="govuk-table__row"
              >
                <th
                  class="govuk-table__header"
                  scope="col"
                >
                  Stages
                </th>
                <th
                  class="govuk-table__header"
                  scope="col"
                >
                  Team assignment
                </th>
              </tr>
            </thead>
            <tbody
              class="govuk-table__body"
            >
              <tr
                class="govuk-table__row"
              >
                <th
                  class="govuk-table__header"
                  scope="row"
                >
                  Draft/QA
                </th>
                <td
                  class="govuk-table__cell"
                >
                  __displayName__
                </td>
              </tr>
              <tr
                class="govuk-table__row"
              >
                <th
                  class="govuk-table__header"
                  scope="row"
                >
                  Private Office/Minister
                </th>
                <td
                  class="govuk-table__cell"
                >
                  __displayName__
                </td>
              </tr>
            </tbody>
          </table>
          <input
            class="govuk-button"
            type="submit"
            value="Submit"
          />
        </form>
      </div>
    </div>
  </div>
</div>
`;
