// Jest Snapshot v1, https://goo.gl/fbAQLP

exports[`when the addTeamToUser component is mounted should initially render null before the user is returned 1`] = `"<div><div class=\\"govuk-form-group\\"><a class=\\"govuk-back-link\\" href=\\"/user-view/__userId__\\">Back</a><h1 class=\\"govuk-heading-xl\\">Add Teams</h1><h2 class=\\"govuk-heading-l\\">User: d d (d)</h2><div class=\\"govuk-form-group\\"><label for=\\"select-teams-input\\" id=\\"select-teams-label\\" class=\\"govuk-label govuk-label--s\\">Select teams</label><div class=\\" css-2b097c-container\\" id=\\"select-teams\\"><div class=\\"govuk-typeahead__control css-1g8ily9-Control\\"><div class=\\"govuk-typeahead__value-container govuk-typeahead__value-container--has-value css-pilx6v-ValueContainer\\"><div class=\\"govuk-typeahead__single-value css-1uccc91-singleValue\\">__team1__</div><div class=\\"css-b8ldur-Input\\"><div class=\\"govuk-typeahead__input\\" style=\\"display: inline-block;\\"><input autocapitalize=\\"none\\" autocomplete=\\"off\\" autocorrect=\\"off\\" id=\\"select-teams-input\\" spellcheck=\\"false\\" tabindex=\\"0\\" type=\\"text\\" aria-autocomplete=\\"list\\" style=\\"box-sizing: content-box; width: 2px; border: 0px; opacity: 1; outline: 0; padding: 0px;\\" value=\\"\\"><div style=\\"position: absolute; top: 0px; left: 0px; visibility: hidden; height: 0px; overflow: scroll; white-space: pre; font-family: -webkit-small-control; letter-spacing: normal; text-transform: none;\\"></div></div></div></div><div class=\\"govuk-typeahead__indicators css-1hb7zxy-IndicatorsContainer\\"><div aria-hidden=\\"true\\" class=\\"govuk-typeahead__indicator govuk-typeahead__clear-indicator css-tlfecz-indicatorContainer\\"><svg height=\\"20\\" width=\\"20\\" viewBox=\\"0 0 20 20\\" aria-hidden=\\"true\\" focusable=\\"false\\" class=\\"css-6q0nyr-Svg\\"><path d=\\"M14.348 14.849c-0.469 0.469-1.229 0.469-1.697 0l-2.651-3.030-2.651 3.029c-0.469 0.469-1.229 0.469-1.697 0-0.469-0.469-0.469-1.229 0-1.697l2.758-3.15-2.759-3.152c-0.469-0.469-0.469-1.228 0-1.697s1.228-0.469 1.697 0l2.652 3.031 2.651-3.031c0.469-0.469 1.228-0.469 1.697 0s0.469 1.229 0 1.697l-2.758 3.152 2.758 3.15c0.469 0.469 0.469 1.229 0 1.698z\\"></path></svg></div><span class=\\"govuk-typeahead__indicator-separator css-62wm9a-IndicatorSeparator\\"></span><div aria-hidden=\\"true\\" class=\\"govuk-typeahead__indicator govuk-typeahead__dropdown-indicator css-hbt8bd-DropdownIndicator\\"><svg height=\\"20\\" width=\\"20\\" viewBox=\\"0 0 20 20\\" aria-hidden=\\"true\\" focusable=\\"false\\" class=\\"css-6q0nyr-Svg\\"><path d=\\"M4.516 7.548c0.436-0.446 1.043-0.481 1.576 0l3.908 3.747 3.908-3.747c0.533-0.481 1.141-0.446 1.574 0 0.436 0.445 0.408 1.197 0 1.615-0.406 0.418-4.695 4.502-4.695 4.502-0.217 0.223-0.502 0.335-0.787 0.335s-0.57-0.112-0.789-0.335c0 0-4.287-4.084-4.695-4.502s-0.436-1.17 0-1.615z\\"></path></svg></div></div></div></div></div><div class=\\"govuk-grid-row\\"><div class=\\"govuk-grid-column-two-thirds-from-desktop\\"><table class=\\"govuk-table\\"><caption class=\\"govuk-table__caption\\">Teams to be added</caption><tbody class=\\"govuk-table__body\\"><tr class=\\"govuk-table__row\\"><th scope=\\"row\\" class=\\"govuk-table__header\\">__team1__</th><td class=\\"govuk-table__cell\\"><a class=\\"govuk-link\\" href=\\"#\\">Remove<span class=\\"govuk-visually-hidden\\"> user</span></a></td></tr><tr class=\\"govuk-table__row\\"><th scope=\\"row\\" class=\\"govuk-table__header\\">__team2__</th><td class=\\"govuk-table__cell\\"><a class=\\"govuk-link\\" href=\\"#\\">Remove<span class=\\"govuk-visually-hidden\\"> user</span></a></td></tr></tbody></table></div></div><button type=\\"submit\\" class=\\"govuk-button view-team-button\\">Add selected teams</button></div></div>"`;

exports[`when the addTeamToUser component is mounted should render 1`] = `
<div>
  <div
    class="govuk-form-group"
  >
    <a
      class="govuk-back-link"
      href="/user-view/__userId__"
    >
      Back
    </a>
    <h1
      class="govuk-heading-xl"
    >
      Add Teams
    </h1>
    <h2
      class="govuk-heading-l"
    >
      User: d d (d)
    </h2>
    <div
      class="govuk-form-group"
    >
      <label
        class="govuk-label govuk-label--s"
        for="select-teams-input"
        id="select-teams-label"
      >
        Select teams
      </label>
      <div
        class=" css-2b097c-container"
        id="select-teams"
      >
        <div
          class="govuk-typeahead__control css-1g8ily9-Control"
        >
          <div
            class="govuk-typeahead__value-container govuk-typeahead__value-container--has-value css-pilx6v-ValueContainer"
          >
            <div
              class="govuk-typeahead__single-value css-1uccc91-singleValue"
            >
              __team1__
            </div>
            <div
              class="css-b8ldur-Input"
            >
              <div
                class="govuk-typeahead__input"
                style="display: inline-block;"
              >
                <input
                  aria-autocomplete="list"
                  autocapitalize="none"
                  autocomplete="off"
                  autocorrect="off"
                  id="select-teams-input"
                  spellcheck="false"
                  style="box-sizing: content-box; width: 2px; border: 0px; opacity: 1; outline: 0; padding: 0px;"
                  tabindex="0"
                  type="text"
                  value=""
                />
                <div
                  style="position: absolute; top: 0px; left: 0px; visibility: hidden; height: 0px; overflow: scroll; white-space: pre; font-family: -webkit-small-control; letter-spacing: normal; text-transform: none;"
                />
              </div>
            </div>
          </div>
          <div
            class="govuk-typeahead__indicators css-1hb7zxy-IndicatorsContainer"
          >
            <div
              aria-hidden="true"
              class="govuk-typeahead__indicator govuk-typeahead__clear-indicator css-tlfecz-indicatorContainer"
            >
              <svg
                aria-hidden="true"
                class="css-6q0nyr-Svg"
                focusable="false"
                height="20"
                viewBox="0 0 20 20"
                width="20"
              >
                <path
                  d="M14.348 14.849c-0.469 0.469-1.229 0.469-1.697 0l-2.651-3.030-2.651 3.029c-0.469 0.469-1.229 0.469-1.697 0-0.469-0.469-0.469-1.229 0-1.697l2.758-3.15-2.759-3.152c-0.469-0.469-0.469-1.228 0-1.697s1.228-0.469 1.697 0l2.652 3.031 2.651-3.031c0.469-0.469 1.228-0.469 1.697 0s0.469 1.229 0 1.697l-2.758 3.152 2.758 3.15c0.469 0.469 0.469 1.229 0 1.698z"
                />
              </svg>
            </div>
            <span
              class="govuk-typeahead__indicator-separator css-62wm9a-IndicatorSeparator"
            />
            <div
              aria-hidden="true"
              class="govuk-typeahead__indicator govuk-typeahead__dropdown-indicator css-hbt8bd-DropdownIndicator"
            >
              <svg
                aria-hidden="true"
                class="css-6q0nyr-Svg"
                focusable="false"
                height="20"
                viewBox="0 0 20 20"
                width="20"
              >
                <path
                  d="M4.516 7.548c0.436-0.446 1.043-0.481 1.576 0l3.908 3.747 3.908-3.747c0.533-0.481 1.141-0.446 1.574 0 0.436 0.445 0.408 1.197 0 1.615-0.406 0.418-4.695 4.502-4.695 4.502-0.217 0.223-0.502 0.335-0.787 0.335s-0.57-0.112-0.789-0.335c0 0-4.287-4.084-4.695-4.502s-0.436-1.17 0-1.615z"
                />
              </svg>
            </div>
          </div>
        </div>
      </div>
    </div>
    <div
      class="govuk-grid-row"
    >
      <div
        class="govuk-grid-column-two-thirds-from-desktop"
      >
        <table
          class="govuk-table"
        >
          <caption
            class="govuk-table__caption"
          >
            Teams to be added
          </caption>
          <tbody
            class="govuk-table__body"
          >
            <tr
              class="govuk-table__row"
            >
              <th
                class="govuk-table__header"
                scope="row"
              >
                __team1__
              </th>
              <td
                class="govuk-table__cell"
              >
                <a
                  class="govuk-link"
                  href="#"
                >
                  Remove
                  <span
                    class="govuk-visually-hidden"
                  >
                     user
                  </span>
                </a>
              </td>
            </tr>
            <tr
              class="govuk-table__row"
            >
              <th
                class="govuk-table__header"
                scope="row"
              >
                __team2__
              </th>
              <td
                class="govuk-table__cell"
              >
                <a
                  class="govuk-link"
                  href="#"
                >
                  Remove
                  <span
                    class="govuk-visually-hidden"
                  >
                     user
                  </span>
                </a>
              </td>
            </tr>
          </tbody>
        </table>
      </div>
    </div>
    <button
      class="govuk-button view-team-button"
      type="submit"
    >
      Add selected teams
    </button>
  </div>
</div>
`;
