// Jest Snapshot v1, https://goo.gl/fbAQLP

exports[`when the reactivateTeam component is mounted should render with default props 1`] = `
<div>
  <div
    class="govuk-grid-row"
  >
    <div
      class="govuk-grid-column-two-thirds-from-desktop"
    >
      <a
        class="govuk-back-link"
        href="/team-view/__teamId__"
      >
        Back
      </a>
      <h1
        class="govuk-heading-xl"
      >
        Reactivating team
      </h1>
      <div
        class="govuk-body"
      >
        You are reactivating the 
        <strong>
          __TeamId__
        </strong>
         team.
      </div>
      <div
        class="govuk-form-group"
      >
        <button
          class="govuk-button govuk-!-margin-right-1"
          type="submit"
        >
          Reactivate Team
        </button>
        <a
          class="govuk-button govuk-button--secondary"
          href="/team-view/__teamId__"
        >
          Cancel
        </a>
      </div>
    </div>
  </div>
</div>
`;
