// Jest Snapshot v1, https://goo.gl/fbAQLP

exports[`when the addTemplate component is mounted should render with default props 1`] = `
<div>
  <div
    class="govuk-grid-row"
  >
    <div
      class="govuk-grid-column-two-thirds-from-desktop"
    >
      <a
        class="govuk-back-link"
        href="/case-type/__type__"
      >
        Back
      </a>
      <h1
        class="govuk-heading-xl"
      >
        Add a Template
      </h1>
      <h2
        class="govuk-heading-l"
      >
        Case Type: undefined
      </h2>
    </div>
  </div>
  <div
    class="govuk-grid-row"
  >
    <div
      class="govuk-grid-column-one-half-from-desktop"
    >
      <form
        action="/api/template"
        method="POST"
      >
        <input
          name="_csrf"
          type="hidden"
          value=""
        />
        <div
          class="govuk-form-group"
        >
          <label
            class="govuk-label"
            for="files"
            id="files-label"
          >
            <label
              class="govuk-label govuk-label--s"
              for="files"
              id="files-label"
            >
              Add document
            </label>
          </label>
          <input
            class="govuk-file-upload"
            id="files"
            name="files"
            type="file"
          />
        </div>
        <input
          class="govuk-button"
          type="submit"
          value="Submit"
        />
      </form>
    </div>
  </div>
</div>
`;
