// Jest Snapshot v1, https://goo.gl/fbAQLP

exports[`when the CaseTypeView component is mounted should render with default props 1`] = `
<div>
  <div
    class="govuk-form-group"
  >
    <a
      class="govuk-back-link"
      href="/case-types"
    >
      Back
    </a>
    <div>
      <h1
        class="govuk-heading-xl"
      >
        View and remove templates
      </h1>
      <h2
        class="govuk-heading-l"
      />
      <div>
        <p
          class="govuk-body"
        >
          Loading...
        </p>
      </div>
      <button
        class="govuk-button govuk-!-margin-right-1 add-team-members-button"
        data-module="govuk-button"
        type="submit"
      >
        Add template
      </button>
    </div>
  </div>
</div>
`;
