// Jest Snapshot v1, https://goo.gl/fbAQLP

exports[`when the AmendEntity component is mounted should initially render blank before item title is returned 1`] = `"<div><div class=\\"govuk-grid-row\\"><div class=\\"govuk-grid-column-two-thirds-from-desktop\\"><a class=\\"govuk-back-link\\" href=\\"/manage-entities\\">Back</a><h1 class=\\"govuk-heading-xl\\">Amend entity</h1></div></div><div class=\\"govuk-grid-row\\"><div class=\\"govuk-grid-column-one-half-from-desktop\\"><h2 class=\\"govuk-heading-l\\">New entity: </h2><form action=\\"/api/entity/list/update/ENTITIES\\" method=\\"POST\\"><input type=\\"hidden\\" name=\\"_csrf\\" value=\\"\\"><div class=\\"govuk-form-group\\"><label for=\\"title\\" id=\\"title-label\\" class=\\"govuk-label govuk-label--s\\">New entity name</label><input class=\\"govuk-input\\" id=\\"title\\" type=\\"text\\" name=\\"title\\" value=\\"\\"></div><div class=\\"govuk-form-group\\"><label for=\\"simpleName\\" id=\\"simpleName-label\\" class=\\"govuk-label govuk-label--s\\">entity code</label><input class=\\"govuk-input\\" id=\\"simpleName\\" type=\\"text\\" name=\\"simpleName\\" disabled=\\"\\" value=\\"\\"></div><input class=\\"govuk-button\\" type=\\"submit\\" value=\\"Submit\\"></form></div></div></div>"`;

exports[`when the AmendEntity component is mounted should render with default props 1`] = `
<div>
  <div
    class="govuk-grid-row"
  >
    <div
      class="govuk-grid-column-two-thirds-from-desktop"
    >
      <a
        class="govuk-back-link"
        href="/manage-entities"
      >
        Back
      </a>
      <h1
        class="govuk-heading-xl"
      >
        Amend entity
      </h1>
    </div>
  </div>
  <div
    class="govuk-grid-row"
  >
    <div
      class="govuk-grid-column-one-half-from-desktop"
    >
      <h2
        class="govuk-heading-l"
      >
        New entity: 
      </h2>
      <form
        action="/api/entity/list/update/ENTITIES"
        method="POST"
      >
        <input
          name="_csrf"
          type="hidden"
          value=""
        />
        <div
          class="govuk-form-group"
        >
          <label
            class="govuk-label govuk-label--s"
            for="title"
            id="title-label"
          >
            New entity name
          </label>
          <input
            class="govuk-input"
            id="title"
            name="title"
            type="text"
            value=""
          />
        </div>
        <div
          class="govuk-form-group"
        >
          <label
            class="govuk-label govuk-label--s"
            for="simpleName"
            id="simpleName-label"
          >
            entity code
          </label>
          <input
            class="govuk-input"
            disabled=""
            id="simpleName"
            name="simpleName"
            type="text"
            value=""
          />
        </div>
        <input
          class="govuk-button"
          type="submit"
          value="Submit"
        />
      </form>
    </div>
  </div>
</div>
`;
